

>>> Entering new scope...

+++ Adding p to symbol table with type PROGRAM

+++ Adding I to symbol table with type ARRAY 10 .. -5 OF INTEGER

+++ Adding B to symbol table with type ARRAY -1 .. 5 OF BOOLEAN

+++ Adding C to symbol table with type ARRAY 1 .. 50 OF CHAR

<<< Exiting scope...

---- Completed parsing ----
