Line 11: Index expression must be of type integer
