Line 10: Index expression must be of type integer
