Line 7: Start index must be less than or equal to end index of array
