TOKEN: T_NOT       LEXEME: not
TOKEN: T_IDENT     LEXEME: a
TOKEN: T_IDENT     LEXEME: comment
