Line 11: Expression must be of same type as variable
