Line 12: Expressions must both be int, or both char, or both boolean
