Line 10: Expression must be of same type as variable
