Line 10: Input variable must be of type integer or char
