**** Invalid integer constant: 0002147483648
**** Invalid integer constant: 2147483648
TOKEN: T_MINUS     LEXEME: -
**** Invalid integer constant: 2147483648
**** Invalid integer constant: 9999999999
**** Invalid integer constant: 12345678901
