TOKEN: T_PROG      LEXEME: program
N_PROGLBL -> T_PROG
TOKEN: T_IDENT     LEXEME: DiddleDeDum
TOKEN: T_SCOLON    LEXEME: ;
TOKEN: T_VAR       LEXEME: var
TOKEN: T_IDENT     LEXEME: stuff
N_IDENT -> T_IDENT
TOKEN: T_COLON     LEXEME: :
N_IDENTLST -> epsilon
TOKEN: T_ARRAY     LEXEME: array
TOKEN: T_LBRACK    LEXEME: [
TOKEN: T_MINUS     LEXEME: -
N_SIGN -> T_MINUS
TOKEN: T_INTCONST  LEXEME: 1
N_INTCONST -> N_SIGN T_INTCONST
N_IDX -> N_INTCONST
TOKEN: T_DOTDOT    LEXEME: ..
TOKEN: T_INTCONST  LEXEME: 20
N_SIGN -> epsilon
N_INTCONST -> N_SIGN T_INTCONST
N_IDX -> N_INTCONST
N_IDXRANGE -> N_IDX T_DOTDOT N_IDX
TOKEN: T_RBRACK    LEXEME: ]
TOKEN: T_OF        LEXEME: of
TOKEN: T_INT       LEXEME: integer
N_SIMPLE -> T_INT
N_ARRAY -> T_ARRAY T_LBRACK N_IDXRANGE T_RBRACK T_OF N_SIMPLE
N_TYPE -> N_ARRAY
N_VARDEC -> N_IDENT N_IDENTLST T_COLON N_TYPE
TOKEN: T_SCOLON    LEXEME: ;
TOKEN: T_IDENT     LEXEME: data
N_IDENT -> T_IDENT
TOKEN: T_COMMA     LEXEME: ,
TOKEN: T_IDENT     LEXEME: max
N_IDENT -> T_IDENT
TOKEN: T_COLON     LEXEME: :
N_IDENTLST -> epsilon
N_IDENTLST -> T_COMMA N_IDENT N_IDENTLST
TOKEN: T_INT       LEXEME: integer
N_SIMPLE -> T_INT
N_TYPE -> N_SIMPLE
N_VARDEC -> N_IDENT N_IDENTLST T_COLON N_TYPE
TOKEN: T_SCOLON    LEXEME: ;
TOKEN: T_IDENT     LEXEME: i
N_IDENT -> T_IDENT
TOKEN: T_COMMA     LEXEME: ,
TOKEN: T_IDENT     LEXEME: loc
N_IDENT -> T_IDENT
TOKEN: T_COLON     LEXEME: :
N_IDENTLST -> epsilon
N_IDENTLST -> T_COMMA N_IDENT N_IDENTLST
TOKEN: T_INT       LEXEME: integer
N_SIMPLE -> T_INT
N_TYPE -> N_SIMPLE
N_VARDEC -> N_IDENT N_IDENTLST T_COLON N_TYPE
TOKEN: T_PROC      LEXEME: procedure
Line 11: syntax error
