TOKEN: T_PROG      LEXEME: program
N_PROGLBL -> T_PROG
TOKEN: T_SCOLON    LEXEME: ;
Line 5: syntax error
