TOKEN: T_PROG      LEXEME: program
N_PROGLBL -> T_PROG
TOKEN: T_IDENT     LEXEME: DiddleDeDum
TOKEN: T_SCOLON    LEXEME: ;
TOKEN: T_VAR       LEXEME: var
TOKEN: T_IDENT     LEXEME: stuff
N_IDENT -> T_IDENT
TOKEN: T_COLON     LEXEME: :
N_IDENTLST -> epsilon
TOKEN: T_ARRAY     LEXEME: array
TOKEN: T_LBRACK    LEXEME: [
TOKEN: T_INTCONST  LEXEME: 1
N_SIGN -> epsilon
N_INTCONST -> N_SIGN T_INTCONST
N_IDX -> N_INTCONST
TOKEN: T_DOTDOT    LEXEME: ..
TOKEN: T_INTCONST  LEXEME: 20
N_SIGN -> epsilon
N_INTCONST -> N_SIGN T_INTCONST
N_IDX -> N_INTCONST
N_IDXRANGE -> N_IDX T_DOTDOT N_IDX
TOKEN: T_RBRACK    LEXEME: ]
TOKEN: T_OF        LEXEME: of
TOKEN: T_INT       LEXEME: integer
N_SIMPLE -> T_INT
N_ARRAY -> T_ARRAY T_LBRACK N_IDXRANGE T_RBRACK T_OF N_SIMPLE
N_TYPE -> N_ARRAY
N_VARDEC -> N_IDENT N_IDENTLST T_COLON N_TYPE
TOKEN: T_SCOLON    LEXEME: ;
TOKEN: T_IDENT     LEXEME: data
N_IDENT -> T_IDENT
TOKEN: T_COMMA     LEXEME: ,
TOKEN: T_IDENT     LEXEME: max
N_IDENT -> T_IDENT
TOKEN: T_COLON     LEXEME: :
N_IDENTLST -> epsilon
N_IDENTLST -> T_COMMA N_IDENT N_IDENTLST
TOKEN: T_INT       LEXEME: integer
N_SIMPLE -> T_INT
N_TYPE -> N_SIMPLE
N_VARDEC -> N_IDENT N_IDENTLST T_COLON N_TYPE
TOKEN: T_SCOLON    LEXEME: ;
TOKEN: T_IDENT     LEXEME: i
N_IDENT -> T_IDENT
TOKEN: T_COMMA     LEXEME: ,
TOKEN: T_IDENT     LEXEME: loc
N_IDENT -> T_IDENT
TOKEN: T_COLON     LEXEME: :
N_IDENTLST -> epsilon
N_IDENTLST -> T_COMMA N_IDENT N_IDENTLST
TOKEN: T_INT       LEXEME: integer
N_SIMPLE -> T_INT
N_TYPE -> N_SIMPLE
N_VARDEC -> N_IDENT N_IDENTLST T_COLON N_TYPE
TOKEN: T_SCOLON    LEXEME: ;
TOKEN: T_PROC      LEXEME: procedure
N_VARDECLST -> epsilon
N_VARDECLST -> N_VARDEC T_SCOLON N_VARDECLST
N_VARDECLST -> N_VARDEC T_SCOLON N_VARDECLST
N_VARDECPART -> T_VAR N_VARDEC T_SCOLON N_VARDECLST
TOKEN: T_IDENT     LEXEME: sort
TOKEN: T_SCOLON    LEXEME: ;
N_PROCHDR -> T_PROC T_IDENT T_SCOLON
TOKEN: T_VAR       LEXEME: var
TOKEN: T_IDENT     LEXEME: i
N_IDENT -> T_IDENT
TOKEN: T_COMMA     LEXEME: ,
TOKEN: T_IDENT     LEXEME: n
N_IDENT -> T_IDENT
TOKEN: T_COLON     LEXEME: :
N_IDENTLST -> epsilon
N_IDENTLST -> T_COMMA N_IDENT N_IDENTLST
TOKEN: T_INT       LEXEME: integer
N_SIMPLE -> T_INT
N_TYPE -> N_SIMPLE
N_VARDEC -> N_IDENT N_IDENTLST T_COLON N_TYPE
TOKEN: T_SCOLON    LEXEME: ;
TOKEN: T_IDENT     LEXEME: flag
N_IDENT -> T_IDENT
TOKEN: T_COLON     LEXEME: :
N_IDENTLST -> epsilon
TOKEN: T_BOOL      LEXEME: boolean
N_SIMPLE -> T_BOOL
N_TYPE -> N_SIMPLE
N_VARDEC -> N_IDENT N_IDENTLST T_COLON N_TYPE
TOKEN: T_SCOLON    LEXEME: ;
TOKEN: T_IDENT     LEXEME: one
N_IDENT -> T_IDENT
TOKEN: T_COLON     LEXEME: :
N_IDENTLST -> epsilon
TOKEN: T_INT       LEXEME: integer
N_SIMPLE -> T_INT
N_TYPE -> N_SIMPLE
N_VARDEC -> N_IDENT N_IDENTLST T_COLON N_TYPE
TOKEN: T_SCOLON    LEXEME: ;
TOKEN: T_BEGIN     LEXEME: begin
N_VARDECLST -> epsilon
N_VARDECLST -> N_VARDEC T_SCOLON N_VARDECLST
N_VARDECLST -> N_VARDEC T_SCOLON N_VARDECLST
N_VARDECPART -> T_VAR N_VARDEC T_SCOLON N_VARDECLST
N_PROCDECPART -> epsilon
TOKEN: T_IDENT     LEXEME: flag
TOKEN: T_ASSIGN    LEXEME: :=
N_VARIDENT -> T_IDENT
N_ENTIREVAR -> N_VARIDENT
N_VARIABLE -> N_ENTIREVAR
TOKEN: T_TRUE      LEXEME: true
N_BOOLCONST -> T_TRUE
N_CONST -> N_BOOLCONST
N_FACTOR -> N_CONST
TOKEN: T_SCOLON    LEXEME: ;
N_MULTOPLST -> epsilon
N_TERM -> N_FACTOR N_MULTOPLST
N_ADDOPLST -> epsilon
N_SIMPLEEXPR -> N_TERM N_ADDOPLST
N_EXPR -> N_SIMPLEEXPR
N_ASSIGN -> N_VARIABLE T_ASSIGN N_EXPR
N_STMT -> N_ASSIGN
TOKEN: T_IDENT     LEXEME: n
TOKEN: T_ASSIGN    LEXEME: :=
N_VARIDENT -> T_IDENT
N_ENTIREVAR -> N_VARIDENT
N_VARIABLE -> N_ENTIREVAR
TOKEN: T_IDENT     LEXEME: max
N_SIGN -> epsilon
N_VARIDENT -> T_IDENT
N_ENTIREVAR -> N_VARIDENT
TOKEN: T_SCOLON    LEXEME: ;
N_VARIABLE -> N_ENTIREVAR
N_FACTOR -> N_SIGN N_VARIABLE
N_MULTOPLST -> epsilon
N_TERM -> N_FACTOR N_MULTOPLST
N_ADDOPLST -> epsilon
N_SIMPLEEXPR -> N_TERM N_ADDOPLST
N_EXPR -> N_SIMPLEEXPR
N_ASSIGN -> N_VARIABLE T_ASSIGN N_EXPR
N_STMT -> N_ASSIGN
TOKEN: T_WHILE     LEXEME: while
TOKEN: T_LPAREN    LEXEME: (
TOKEN: T_IDENT     LEXEME: n
N_SIGN -> epsilon
N_VARIDENT -> T_IDENT
N_ENTIREVAR -> N_VARIDENT
TOKEN: T_GT        LEXEME: >
N_VARIABLE -> N_ENTIREVAR
N_FACTOR -> N_SIGN N_VARIABLE
N_MULTOPLST -> epsilon
N_TERM -> N_FACTOR N_MULTOPLST
N_ADDOPLST -> epsilon
N_SIMPLEEXPR -> N_TERM N_ADDOPLST
N_RELOP -> T_GT
TOKEN: T_INTCONST  LEXEME: 1
N_SIGN -> epsilon
N_INTCONST -> N_SIGN T_INTCONST
N_CONST -> N_INTCONST
N_FACTOR -> N_CONST
TOKEN: T_RPAREN    LEXEME: )
N_MULTOPLST -> epsilon
N_TERM -> N_FACTOR N_MULTOPLST
N_ADDOPLST -> epsilon
N_SIMPLEEXPR -> N_TERM N_ADDOPLST
N_EXPR -> N_SIMPLEEXPR N_RELOP N_SIMPLEEXPR
N_FACTOR -> T_LPAREN N_EXPR T_RPAREN
TOKEN: T_AND       LEXEME: and
N_MULTOP -> T_AND
TOKEN: T_IDENT     LEXEME: flag
N_SIGN -> epsilon
N_VARIDENT -> T_IDENT
N_ENTIREVAR -> N_VARIDENT
TOKEN: T_DO        LEXEME: do
N_VARIABLE -> N_ENTIREVAR
N_FACTOR -> N_SIGN N_VARIABLE
N_MULTOPLST -> epsilon
N_MULTOPLST -> N_MULTOP N_FACTOR N_MULTOPLST
N_TERM -> N_FACTOR N_MULTOPLST
N_ADDOPLST -> epsilon
N_SIMPLEEXPR -> N_TERM N_ADDOPLST
N_EXPR -> N_SIMPLEEXPR
TOKEN: T_BEGIN     LEXEME: begin
TOKEN: T_IDENT     LEXEME: flag
TOKEN: T_ASSIGN    LEXEME: :=
N_VARIDENT -> T_IDENT
N_ENTIREVAR -> N_VARIDENT
N_VARIABLE -> N_ENTIREVAR
TOKEN: T_FALSE     LEXEME: false
N_BOOLCONST -> T_FALSE
N_CONST -> N_BOOLCONST
N_FACTOR -> N_CONST
TOKEN: T_SCOLON    LEXEME: ;
N_MULTOPLST -> epsilon
N_TERM -> N_FACTOR N_MULTOPLST
N_ADDOPLST -> epsilon
N_SIMPLEEXPR -> N_TERM N_ADDOPLST
N_EXPR -> N_SIMPLEEXPR
N_ASSIGN -> N_VARIABLE T_ASSIGN N_EXPR
N_STMT -> N_ASSIGN
TOKEN: T_IDENT     LEXEME: i
TOKEN: T_ASSIGN    LEXEME: :=
N_VARIDENT -> T_IDENT
N_ENTIREVAR -> N_VARIDENT
N_VARIABLE -> N_ENTIREVAR
TOKEN: T_INTCONST  LEXEME: 1
N_SIGN -> epsilon
N_INTCONST -> N_SIGN T_INTCONST
N_CONST -> N_INTCONST
N_FACTOR -> N_CONST
TOKEN: T_SCOLON    LEXEME: ;
N_MULTOPLST -> epsilon
N_TERM -> N_FACTOR N_MULTOPLST
N_ADDOPLST -> epsilon
N_SIMPLEEXPR -> N_TERM N_ADDOPLST
N_EXPR -> N_SIMPLEEXPR
N_ASSIGN -> N_VARIABLE T_ASSIGN N_EXPR
N_STMT -> N_ASSIGN
TOKEN: T_WHILE     LEXEME: while
TOKEN: T_IDENT     LEXEME: i
N_SIGN -> epsilon
N_VARIDENT -> T_IDENT
N_ENTIREVAR -> N_VARIDENT
TOKEN: T_LT        LEXEME: <
N_VARIABLE -> N_ENTIREVAR
N_FACTOR -> N_SIGN N_VARIABLE
N_MULTOPLST -> epsilon
N_TERM -> N_FACTOR N_MULTOPLST
N_ADDOPLST -> epsilon
N_SIMPLEEXPR -> N_TERM N_ADDOPLST
N_RELOP -> T_LT
TOKEN: T_IDENT     LEXEME: n
N_SIGN -> epsilon
N_VARIDENT -> T_IDENT
N_ENTIREVAR -> N_VARIDENT
TOKEN: T_DO        LEXEME: do
N_VARIABLE -> N_ENTIREVAR
N_FACTOR -> N_SIGN N_VARIABLE
N_MULTOPLST -> epsilon
N_TERM -> N_FACTOR N_MULTOPLST
N_ADDOPLST -> epsilon
N_SIMPLEEXPR -> N_TERM N_ADDOPLST
N_EXPR -> N_SIMPLEEXPR N_RELOP N_SIMPLEEXPR
TOKEN: T_BEGIN     LEXEME: begin
TOKEN: T_IF        LEXEME: if
TOKEN: T_IDENT     LEXEME: stuff
N_SIGN -> epsilon
N_VARIDENT -> T_IDENT
N_ENTIREVAR -> N_VARIDENT
TOKEN: T_LBRACK    LEXEME: [
N_ARRAYVAR -> N_ENTIREVAR
TOKEN: T_IDENT     LEXEME: i
N_SIGN -> epsilon
N_VARIDENT -> T_IDENT
N_ENTIREVAR -> N_VARIDENT
TOKEN: T_RBRACK    LEXEME: ]
N_VARIABLE -> N_ENTIREVAR
N_FACTOR -> N_SIGN N_VARIABLE
N_MULTOPLST -> epsilon
N_TERM -> N_FACTOR N_MULTOPLST
N_ADDOPLST -> epsilon
N_SIMPLEEXPR -> N_TERM N_ADDOPLST
N_EXPR -> N_SIMPLEEXPR
N_IDXVAR -> N_ARRAYVAR T_LBRACK N_EXPR T_RBRACK
N_VARIABLE -> N_IDXVAR
N_FACTOR -> N_SIGN N_VARIABLE
TOKEN: T_GT        LEXEME: >
N_MULTOPLST -> epsilon
N_TERM -> N_FACTOR N_MULTOPLST
N_ADDOPLST -> epsilon
N_SIMPLEEXPR -> N_TERM N_ADDOPLST
N_RELOP -> T_GT
TOKEN: T_IDENT     LEXEME: stuff
N_SIGN -> epsilon
N_VARIDENT -> T_IDENT
N_ENTIREVAR -> N_VARIDENT
TOKEN: T_LBRACK    LEXEME: [
N_ARRAYVAR -> N_ENTIREVAR
TOKEN: T_IDENT     LEXEME: i
N_SIGN -> epsilon
N_VARIDENT -> T_IDENT
N_ENTIREVAR -> N_VARIDENT
TOKEN: T_MULT      LEXEME: *
N_VARIABLE -> N_ENTIREVAR
N_FACTOR -> N_SIGN N_VARIABLE
N_MULTOP -> T_MULT
TOKEN: T_INTCONST  LEXEME: 1
N_SIGN -> epsilon
N_INTCONST -> N_SIGN T_INTCONST
N_CONST -> N_INTCONST
N_FACTOR -> N_CONST
TOKEN: T_RBRACK    LEXEME: ]
N_MULTOPLST -> epsilon
N_MULTOPLST -> N_MULTOP N_FACTOR N_MULTOPLST
N_TERM -> N_FACTOR N_MULTOPLST
N_ADDOPLST -> epsilon
N_SIMPLEEXPR -> N_TERM N_ADDOPLST
N_EXPR -> N_SIMPLEEXPR
N_IDXVAR -> N_ARRAYVAR T_LBRACK N_EXPR T_RBRACK
N_VARIABLE -> N_IDXVAR
N_FACTOR -> N_SIGN N_VARIABLE
TOKEN: T_THEN      LEXEME: then
N_MULTOPLST -> epsilon
N_TERM -> N_FACTOR N_MULTOPLST
N_ADDOPLST -> epsilon
N_SIMPLEEXPR -> N_TERM N_ADDOPLST
N_EXPR -> N_SIMPLEEXPR N_RELOP N_SIMPLEEXPR
TOKEN: T_IDENT     LEXEME: swap
TOKEN: T_SCOLON    LEXEME: ;
N_PROCIDENT -> T_IDENT
N_PROCSTMT -> N_PROCIDENT
N_STMT -> N_PROCSTMT
N_CONDITION -> T_IF N_EXPR T_THEN N_STMT
N_STMT -> N_CONDITION
TOKEN: T_IDENT     LEXEME: i
TOKEN: T_ASSIGN    LEXEME: :=
N_VARIDENT -> T_IDENT
N_ENTIREVAR -> N_VARIDENT
N_VARIABLE -> N_ENTIREVAR
TOKEN: T_IDENT     LEXEME: i
N_SIGN -> epsilon
N_VARIDENT -> T_IDENT
N_ENTIREVAR -> N_VARIDENT
TOKEN: T_MULT      LEXEME: *
N_VARIABLE -> N_ENTIREVAR
N_FACTOR -> N_SIGN N_VARIABLE
N_MULTOP -> T_MULT
TOKEN: T_INTCONST  LEXEME: 1
N_SIGN -> epsilon
N_INTCONST -> N_SIGN T_INTCONST
N_CONST -> N_INTCONST
N_FACTOR -> N_CONST
TOKEN: T_END       LEXEME: end
N_MULTOPLST -> epsilon
N_MULTOPLST -> N_MULTOP N_FACTOR N_MULTOPLST
N_TERM -> N_FACTOR N_MULTOPLST
N_ADDOPLST -> epsilon
N_SIMPLEEXPR -> N_TERM N_ADDOPLST
N_EXPR -> N_SIMPLEEXPR
N_ASSIGN -> N_VARIABLE T_ASSIGN N_EXPR
N_STMT -> N_ASSIGN
N_STMTLST -> epsilon
N_STMTLST -> T_SCOLON N_STMT N_STMTLST
N_COMPOUND -> T_BEGIN N_STMT N_STMTLST T_END
N_STMT -> N_COMPOUND
N_WHILE -> T_WHILE N_EXPR T_DO N_STMT
N_STMT -> N_WHILE
TOKEN: T_SCOLON    LEXEME: ;
TOKEN: T_IDENT     LEXEME: n
TOKEN: T_ASSIGN    LEXEME: :=
N_VARIDENT -> T_IDENT
N_ENTIREVAR -> N_VARIDENT
N_VARIABLE -> N_ENTIREVAR
TOKEN: T_IDENT     LEXEME: n
N_SIGN -> epsilon
N_VARIDENT -> T_IDENT
N_ENTIREVAR -> N_VARIDENT
TOKEN: T_MINUS     LEXEME: -
N_VARIABLE -> N_ENTIREVAR
N_FACTOR -> N_SIGN N_VARIABLE
N_MULTOPLST -> epsilon
N_TERM -> N_FACTOR N_MULTOPLST
N_ADDOP -> T_MINUS
TOKEN: T_INTCONST  LEXEME: 1
N_SIGN -> epsilon
N_INTCONST -> N_SIGN T_INTCONST
N_CONST -> N_INTCONST
N_FACTOR -> N_CONST
TOKEN: T_END       LEXEME: end
N_MULTOPLST -> epsilon
N_TERM -> N_FACTOR N_MULTOPLST
N_ADDOPLST -> epsilon
N_ADDOPLST -> N_ADDOP N_TERM N_ADDOPLST
N_SIMPLEEXPR -> N_TERM N_ADDOPLST
N_EXPR -> N_SIMPLEEXPR
N_ASSIGN -> N_VARIABLE T_ASSIGN N_EXPR
N_STMT -> N_ASSIGN
N_STMTLST -> epsilon
N_STMTLST -> T_SCOLON N_STMT N_STMTLST
N_STMTLST -> T_SCOLON N_STMT N_STMTLST
N_STMTLST -> T_SCOLON N_STMT N_STMTLST
N_COMPOUND -> T_BEGIN N_STMT N_STMTLST T_END
N_STMT -> N_COMPOUND
N_WHILE -> T_WHILE N_EXPR T_DO N_STMT
N_STMT -> N_WHILE
TOKEN: T_END       LEXEME: end
N_STMTLST -> epsilon
N_STMTLST -> T_SCOLON N_STMT N_STMTLST
N_STMTLST -> T_SCOLON N_STMT N_STMTLST
N_COMPOUND -> T_BEGIN N_STMT N_STMTLST T_END
N_STMTPART -> N_COMPOUND
N_BLOCK -> N_VARDECPART N_PROCDECPART N_STMTPART
N_PROCDEC -> N_PROCHDR N_BLOCK
TOKEN: T_SCOLON    LEXEME: ;
TOKEN: T_BEGIN     LEXEME: begin
N_PROCDECPART -> epsilon
N_PROCDECPART -> N_PROCDEC T_SCOLON N_PROCDECPART
TOKEN: T_IDENT     LEXEME: max
TOKEN: T_ASSIGN    LEXEME: :=
N_VARIDENT -> T_IDENT
N_ENTIREVAR -> N_VARIDENT
N_VARIABLE -> N_ENTIREVAR
TOKEN: T_INTCONST  LEXEME: 0
N_SIGN -> epsilon
N_INTCONST -> N_SIGN T_INTCONST
N_CONST -> N_INTCONST
N_FACTOR -> N_CONST
TOKEN: T_SCOLON    LEXEME: ;
N_MULTOPLST -> epsilon
N_TERM -> N_FACTOR N_MULTOPLST
N_ADDOPLST -> epsilon
N_SIMPLEEXPR -> N_TERM N_ADDOPLST
N_EXPR -> N_SIMPLEEXPR
N_ASSIGN -> N_VARIABLE T_ASSIGN N_EXPR
N_STMT -> N_ASSIGN
TOKEN: T_READ      LEXEME: read
TOKEN: T_LPAREN    LEXEME: (
TOKEN: T_IDENT     LEXEME: data
N_VARIDENT -> T_IDENT
N_ENTIREVAR -> N_VARIDENT
TOKEN: T_RPAREN    LEXEME: )
N_VARIABLE -> N_ENTIREVAR
N_INPUTVAR -> N_VARIABLE
N_INPUTLST -> epsilon
N_READ -> T_READ T_LPAREN N_INPUTVAR N_INPUTLST T_RPAREN
N_STMT -> N_READ
TOKEN: T_SCOLON    LEXEME: ;
TOKEN: T_WHILE     LEXEME: while
TOKEN: T_IDENT     LEXEME: data
N_SIGN -> epsilon
N_VARIDENT -> T_IDENT
N_ENTIREVAR -> N_VARIDENT
TOKEN: T_GE        LEXEME: >=
N_VARIABLE -> N_ENTIREVAR
N_FACTOR -> N_SIGN N_VARIABLE
N_MULTOPLST -> epsilon
N_TERM -> N_FACTOR N_MULTOPLST
N_ADDOPLST -> epsilon
N_SIMPLEEXPR -> N_TERM N_ADDOPLST
N_RELOP -> T_GE
TOKEN: T_INTCONST  LEXEME: 0
N_SIGN -> epsilon
N_INTCONST -> N_SIGN T_INTCONST
N_CONST -> N_INTCONST
N_FACTOR -> N_CONST
TOKEN: T_DO        LEXEME: do
N_MULTOPLST -> epsilon
N_TERM -> N_FACTOR N_MULTOPLST
N_ADDOPLST -> epsilon
N_SIMPLEEXPR -> N_TERM N_ADDOPLST
N_EXPR -> N_SIMPLEEXPR N_RELOP N_SIMPLEEXPR
TOKEN: T_BEGIN     LEXEME: begin
TOKEN: T_IDENT     LEXEME: max
TOKEN: T_ASSIGN    LEXEME: :=
N_VARIDENT -> T_IDENT
N_ENTIREVAR -> N_VARIDENT
N_VARIABLE -> N_ENTIREVAR
TOKEN: T_IDENT     LEXEME: max
N_SIGN -> epsilon
N_VARIDENT -> T_IDENT
N_ENTIREVAR -> N_VARIDENT
TOKEN: T_MULT      LEXEME: *
N_VARIABLE -> N_ENTIREVAR
N_FACTOR -> N_SIGN N_VARIABLE
N_MULTOP -> T_MULT
TOKEN: T_INTCONST  LEXEME: 1
N_SIGN -> epsilon
N_INTCONST -> N_SIGN T_INTCONST
N_CONST -> N_INTCONST
N_FACTOR -> N_CONST
TOKEN: T_SCOLON    LEXEME: ;
N_MULTOPLST -> epsilon
N_MULTOPLST -> N_MULTOP N_FACTOR N_MULTOPLST
N_TERM -> N_FACTOR N_MULTOPLST
N_ADDOPLST -> epsilon
N_SIMPLEEXPR -> N_TERM N_ADDOPLST
N_EXPR -> N_SIMPLEEXPR
N_ASSIGN -> N_VARIABLE T_ASSIGN N_EXPR
N_STMT -> N_ASSIGN
TOKEN: T_IDENT     LEXEME: stuff
TOKEN: T_LBRACK    LEXEME: [
N_VARIDENT -> T_IDENT
N_ENTIREVAR -> N_VARIDENT
N_ARRAYVAR -> N_ENTIREVAR
TOKEN: T_IDENT     LEXEME: max
N_SIGN -> epsilon
N_VARIDENT -> T_IDENT
N_ENTIREVAR -> N_VARIDENT
TOKEN: T_RBRACK    LEXEME: ]
N_VARIABLE -> N_ENTIREVAR
N_FACTOR -> N_SIGN N_VARIABLE
N_MULTOPLST -> epsilon
N_TERM -> N_FACTOR N_MULTOPLST
N_ADDOPLST -> epsilon
N_SIMPLEEXPR -> N_TERM N_ADDOPLST
N_EXPR -> N_SIMPLEEXPR
N_IDXVAR -> N_ARRAYVAR T_LBRACK N_EXPR T_RBRACK
N_VARIABLE -> N_IDXVAR
TOKEN: T_ASSIGN    LEXEME: :=
TOKEN: T_IDENT     LEXEME: data
N_SIGN -> epsilon
N_VARIDENT -> T_IDENT
N_ENTIREVAR -> N_VARIDENT
TOKEN: T_SCOLON    LEXEME: ;
N_VARIABLE -> N_ENTIREVAR
N_FACTOR -> N_SIGN N_VARIABLE
N_MULTOPLST -> epsilon
N_TERM -> N_FACTOR N_MULTOPLST
N_ADDOPLST -> epsilon
N_SIMPLEEXPR -> N_TERM N_ADDOPLST
N_EXPR -> N_SIMPLEEXPR
N_ASSIGN -> N_VARIABLE T_ASSIGN N_EXPR
N_STMT -> N_ASSIGN
TOKEN: T_READ      LEXEME: read
TOKEN: T_LPAREN    LEXEME: (
TOKEN: T_IDENT     LEXEME: data
N_VARIDENT -> T_IDENT
N_ENTIREVAR -> N_VARIDENT
TOKEN: T_RPAREN    LEXEME: )
N_VARIABLE -> N_ENTIREVAR
N_INPUTVAR -> N_VARIABLE
N_INPUTLST -> epsilon
N_READ -> T_READ T_LPAREN N_INPUTVAR N_INPUTLST T_RPAREN
N_STMT -> N_READ
TOKEN: T_END       LEXEME: end
N_STMTLST -> epsilon
N_STMTLST -> T_SCOLON N_STMT N_STMTLST
N_STMTLST -> T_SCOLON N_STMT N_STMTLST
N_COMPOUND -> T_BEGIN N_STMT N_STMTLST T_END
N_STMT -> N_COMPOUND
N_WHILE -> T_WHILE N_EXPR T_DO N_STMT
N_STMT -> N_WHILE
TOKEN: T_SCOLON    LEXEME: ;
TOKEN: T_IDENT     LEXEME: sort
TOKEN: T_SCOLON    LEXEME: ;
N_PROCIDENT -> T_IDENT
N_PROCSTMT -> N_PROCIDENT
N_STMT -> N_PROCSTMT
TOKEN: T_WRITE     LEXEME: write
TOKEN: T_LPAREN    LEXEME: (
TOKEN: T_CHARCONST LEXEME: '('
N_CONST -> T_CHARCONST
N_FACTOR -> N_CONST
TOKEN: T_COMMA     LEXEME: ,
N_MULTOPLST -> epsilon
N_TERM -> N_FACTOR N_MULTOPLST
N_ADDOPLST -> epsilon
N_SIMPLEEXPR -> N_TERM N_ADDOPLST
N_EXPR -> N_SIMPLEEXPR
N_OUTPUT -> N_EXPR
TOKEN: T_CHARCONST LEXEME: ' '
N_CONST -> T_CHARCONST
N_FACTOR -> N_CONST
TOKEN: T_RPAREN    LEXEME: )
N_MULTOPLST -> epsilon
N_TERM -> N_FACTOR N_MULTOPLST
N_ADDOPLST -> epsilon
N_SIMPLEEXPR -> N_TERM N_ADDOPLST
N_EXPR -> N_SIMPLEEXPR
N_OUTPUT -> N_EXPR
N_OUTPUTLST -> epsilon
N_OUTPUTLST -> T_COMMA N_OUTPUT N_OUTPUTLST
N_WRITE -> T_WRITE T_LPAREN N_OUTPUT N_OUTPUTLST T_RPAREN
N_STMT -> N_WRITE
TOKEN: T_SCOLON    LEXEME: ;
TOKEN: T_IDENT     LEXEME: i
TOKEN: T_ASSIGN    LEXEME: :=
N_VARIDENT -> T_IDENT
N_ENTIREVAR -> N_VARIDENT
N_VARIABLE -> N_ENTIREVAR
TOKEN: T_INTCONST  LEXEME: 1
N_SIGN -> epsilon
N_INTCONST -> N_SIGN T_INTCONST
N_CONST -> N_INTCONST
N_FACTOR -> N_CONST
TOKEN: T_SCOLON    LEXEME: ;
N_MULTOPLST -> epsilon
N_TERM -> N_FACTOR N_MULTOPLST
N_ADDOPLST -> epsilon
N_SIMPLEEXPR -> N_TERM N_ADDOPLST
N_EXPR -> N_SIMPLEEXPR
N_ASSIGN -> N_VARIABLE T_ASSIGN N_EXPR
N_STMT -> N_ASSIGN
TOKEN: T_WHILE     LEXEME: while
TOKEN: T_IDENT     LEXEME: i
N_SIGN -> epsilon
N_VARIDENT -> T_IDENT
N_ENTIREVAR -> N_VARIDENT
TOKEN: T_LE        LEXEME: <=
N_VARIABLE -> N_ENTIREVAR
N_FACTOR -> N_SIGN N_VARIABLE
N_MULTOPLST -> epsilon
N_TERM -> N_FACTOR N_MULTOPLST
N_ADDOPLST -> epsilon
N_SIMPLEEXPR -> N_TERM N_ADDOPLST
N_RELOP -> T_LE
TOKEN: T_IDENT     LEXEME: max
N_SIGN -> epsilon
N_VARIDENT -> T_IDENT
N_ENTIREVAR -> N_VARIDENT
TOKEN: T_DO        LEXEME: do
N_VARIABLE -> N_ENTIREVAR
N_FACTOR -> N_SIGN N_VARIABLE
N_MULTOPLST -> epsilon
N_TERM -> N_FACTOR N_MULTOPLST
N_ADDOPLST -> epsilon
N_SIMPLEEXPR -> N_TERM N_ADDOPLST
N_EXPR -> N_SIMPLEEXPR N_RELOP N_SIMPLEEXPR
TOKEN: T_BEGIN     LEXEME: begin
TOKEN: T_WRITE     LEXEME: write
TOKEN: T_LPAREN    LEXEME: (
TOKEN: T_IDENT     LEXEME: stuff
N_SIGN -> epsilon
N_VARIDENT -> T_IDENT
N_ENTIREVAR -> N_VARIDENT
TOKEN: T_LBRACK    LEXEME: [
N_ARRAYVAR -> N_ENTIREVAR
TOKEN: T_IDENT     LEXEME: i
N_SIGN -> epsilon
N_VARIDENT -> T_IDENT
N_ENTIREVAR -> N_VARIDENT
TOKEN: T_RBRACK    LEXEME: ]
N_VARIABLE -> N_ENTIREVAR
N_FACTOR -> N_SIGN N_VARIABLE
N_MULTOPLST -> epsilon
N_TERM -> N_FACTOR N_MULTOPLST
N_ADDOPLST -> epsilon
N_SIMPLEEXPR -> N_TERM N_ADDOPLST
N_EXPR -> N_SIMPLEEXPR
N_IDXVAR -> N_ARRAYVAR T_LBRACK N_EXPR T_RBRACK
N_VARIABLE -> N_IDXVAR
N_FACTOR -> N_SIGN N_VARIABLE
TOKEN: T_COMMA     LEXEME: ,
N_MULTOPLST -> epsilon
N_TERM -> N_FACTOR N_MULTOPLST
N_ADDOPLST -> epsilon
N_SIMPLEEXPR -> N_TERM N_ADDOPLST
N_EXPR -> N_SIMPLEEXPR
N_OUTPUT -> N_EXPR
TOKEN: T_CHARCONST LEXEME: ' '
N_CONST -> T_CHARCONST
N_FACTOR -> N_CONST
TOKEN: T_RPAREN    LEXEME: )
N_MULTOPLST -> epsilon
N_TERM -> N_FACTOR N_MULTOPLST
N_ADDOPLST -> epsilon
N_SIMPLEEXPR -> N_TERM N_ADDOPLST
N_EXPR -> N_SIMPLEEXPR
N_OUTPUT -> N_EXPR
N_OUTPUTLST -> epsilon
N_OUTPUTLST -> T_COMMA N_OUTPUT N_OUTPUTLST
N_WRITE -> T_WRITE T_LPAREN N_OUTPUT N_OUTPUTLST T_RPAREN
N_STMT -> N_WRITE
TOKEN: T_SCOLON    LEXEME: ;
TOKEN: T_IDENT     LEXEME: i
TOKEN: T_ASSIGN    LEXEME: :=
N_VARIDENT -> T_IDENT
N_ENTIREVAR -> N_VARIDENT
N_VARIABLE -> N_ENTIREVAR
TOKEN: T_IDENT     LEXEME: i
N_SIGN -> epsilon
N_VARIDENT -> T_IDENT
N_ENTIREVAR -> N_VARIDENT
TOKEN: T_MULT      LEXEME: *
N_VARIABLE -> N_ENTIREVAR
N_FACTOR -> N_SIGN N_VARIABLE
N_MULTOP -> T_MULT
TOKEN: T_INTCONST  LEXEME: 1
N_SIGN -> epsilon
N_INTCONST -> N_SIGN T_INTCONST
N_CONST -> N_INTCONST
N_FACTOR -> N_CONST
TOKEN: T_END       LEXEME: end
N_MULTOPLST -> epsilon
N_MULTOPLST -> N_MULTOP N_FACTOR N_MULTOPLST
N_TERM -> N_FACTOR N_MULTOPLST
N_ADDOPLST -> epsilon
N_SIMPLEEXPR -> N_TERM N_ADDOPLST
N_EXPR -> N_SIMPLEEXPR
N_ASSIGN -> N_VARIABLE T_ASSIGN N_EXPR
N_STMT -> N_ASSIGN
N_STMTLST -> epsilon
N_STMTLST -> T_SCOLON N_STMT N_STMTLST
N_COMPOUND -> T_BEGIN N_STMT N_STMTLST T_END
N_STMT -> N_COMPOUND
N_WHILE -> T_WHILE N_EXPR T_DO N_STMT
N_STMT -> N_WHILE
TOKEN: T_SCOLON    LEXEME: ;
TOKEN: T_READ      LEXEME: read
TOKEN: T_LPAREN    LEXEME: (
TOKEN: T_IDENT     LEXEME: data
N_VARIDENT -> T_IDENT
N_ENTIREVAR -> N_VARIDENT
TOKEN: T_RPAREN    LEXEME: )
N_VARIABLE -> N_ENTIREVAR
N_INPUTVAR -> N_VARIABLE
N_INPUTLST -> epsilon
N_READ -> T_READ T_LPAREN N_INPUTVAR N_INPUTLST T_RPAREN
N_STMT -> N_READ
TOKEN: T_SCOLON    LEXEME: ;
TOKEN: T_IDENT     LEXEME: max
TOKEN: T_ASSIGN    LEXEME: :=
N_VARIDENT -> T_IDENT
N_ENTIREVAR -> N_VARIDENT
N_VARIABLE -> N_ENTIREVAR
TOKEN: T_MINUS     LEXEME: -
N_SIGN -> T_MINUS
TOKEN: T_IDENT     LEXEME: max
N_VARIDENT -> T_IDENT
N_ENTIREVAR -> N_VARIDENT
TOKEN: T_PLUS      LEXEME: +
N_VARIABLE -> N_ENTIREVAR
N_FACTOR -> N_SIGN N_VARIABLE
N_MULTOPLST -> epsilon
N_TERM -> N_FACTOR N_MULTOPLST
N_ADDOP -> T_PLUS
TOKEN: T_PLUS      LEXEME: +
N_SIGN -> T_PLUS
TOKEN: T_IDENT     LEXEME: data
N_VARIDENT -> T_IDENT
N_ENTIREVAR -> N_VARIDENT
TOKEN: T_MINUS     LEXEME: -
N_VARIABLE -> N_ENTIREVAR
N_FACTOR -> N_SIGN N_VARIABLE
N_MULTOPLST -> epsilon
N_TERM -> N_FACTOR N_MULTOPLST
N_ADDOP -> T_MINUS
TOKEN: T_MINUS     LEXEME: -
N_SIGN -> T_MINUS
TOKEN: T_IDENT     LEXEME: max
N_VARIDENT -> T_IDENT
N_ENTIREVAR -> N_VARIDENT
TOKEN: T_MULT      LEXEME: *
N_VARIABLE -> N_ENTIREVAR
N_FACTOR -> N_SIGN N_VARIABLE
N_MULTOP -> T_MULT
TOKEN: T_INTCONST  LEXEME: 5
N_SIGN -> epsilon
N_INTCONST -> N_SIGN T_INTCONST
N_CONST -> N_INTCONST
N_FACTOR -> N_CONST
TOKEN: T_SCOLON    LEXEME: ;
N_MULTOPLST -> epsilon
N_MULTOPLST -> N_MULTOP N_FACTOR N_MULTOPLST
N_TERM -> N_FACTOR N_MULTOPLST
N_ADDOPLST -> epsilon
N_ADDOPLST -> N_ADDOP N_TERM N_ADDOPLST
N_ADDOPLST -> N_ADDOP N_TERM N_ADDOPLST
N_SIMPLEEXPR -> N_TERM N_ADDOPLST
N_EXPR -> N_SIMPLEEXPR
N_ASSIGN -> N_VARIABLE T_ASSIGN N_EXPR
N_STMT -> N_ASSIGN
TOKEN: T_WRITE     LEXEME: write
TOKEN: T_LPAREN    LEXEME: (
TOKEN: T_CHARCONST LEXEME: 'e'
N_CONST -> T_CHARCONST
N_FACTOR -> N_CONST
TOKEN: T_COMMA     LEXEME: ,
N_MULTOPLST -> epsilon
N_TERM -> N_FACTOR N_MULTOPLST
N_ADDOPLST -> epsilon
N_SIMPLEEXPR -> N_TERM N_ADDOPLST
N_EXPR -> N_SIMPLEEXPR
N_OUTPUT -> N_EXPR
TOKEN: T_CHARCONST LEXEME: 'n'
N_CONST -> T_CHARCONST
N_FACTOR -> N_CONST
TOKEN: T_COMMA     LEXEME: ,
N_MULTOPLST -> epsilon
N_TERM -> N_FACTOR N_MULTOPLST
N_ADDOPLST -> epsilon
N_SIMPLEEXPR -> N_TERM N_ADDOPLST
N_EXPR -> N_SIMPLEEXPR
N_OUTPUT -> N_EXPR
TOKEN: T_CHARCONST LEXEME: 'd'
N_CONST -> T_CHARCONST
N_FACTOR -> N_CONST
TOKEN: T_COMMA     LEXEME: ,
N_MULTOPLST -> epsilon
N_TERM -> N_FACTOR N_MULTOPLST
N_ADDOPLST -> epsilon
N_SIMPLEEXPR -> N_TERM N_ADDOPLST
N_EXPR -> N_SIMPLEEXPR
N_OUTPUT -> N_EXPR
TOKEN: T_CHARCONST LEXEME: '\'
N_CONST -> T_CHARCONST
N_FACTOR -> N_CONST
TOKEN: T_RPAREN    LEXEME: )
N_MULTOPLST -> epsilon
N_TERM -> N_FACTOR N_MULTOPLST
N_ADDOPLST -> epsilon
N_SIMPLEEXPR -> N_TERM N_ADDOPLST
N_EXPR -> N_SIMPLEEXPR
N_OUTPUT -> N_EXPR
N_OUTPUTLST -> epsilon
N_OUTPUTLST -> T_COMMA N_OUTPUT N_OUTPUTLST
N_OUTPUTLST -> T_COMMA N_OUTPUT N_OUTPUTLST
N_OUTPUTLST -> T_COMMA N_OUTPUT N_OUTPUTLST
N_WRITE -> T_WRITE T_LPAREN N_OUTPUT N_OUTPUTLST T_RPAREN
N_STMT -> N_WRITE
TOKEN: T_END       LEXEME: end
N_STMTLST -> epsilon
N_STMTLST -> T_SCOLON N_STMT N_STMTLST
N_STMTLST -> T_SCOLON N_STMT N_STMTLST
N_STMTLST -> T_SCOLON N_STMT N_STMTLST
N_STMTLST -> T_SCOLON N_STMT N_STMTLST
N_STMTLST -> T_SCOLON N_STMT N_STMTLST
N_STMTLST -> T_SCOLON N_STMT N_STMTLST
N_STMTLST -> T_SCOLON N_STMT N_STMTLST
N_STMTLST -> T_SCOLON N_STMT N_STMTLST
N_STMTLST -> T_SCOLON N_STMT N_STMTLST
N_COMPOUND -> T_BEGIN N_STMT N_STMTLST T_END
N_STMTPART -> N_COMPOUND
N_BLOCK -> N_VARDECPART N_PROCDECPART N_STMTPART
TOKEN: T_DOT       LEXEME: .
N_PROG -> N_PROGLBL T_IDENT T_SCOLON N_BLOCK T_DOT
N_START -> N_PROG

---- Completed parsing ----

