TOKEN: T_IDENT     LEXEME: progrm
Line 5: syntax error
