Line 8: Output expression must be of type integer or char
