Line 10: Output expression must be of type integer or char
