

>>> Entering new scope...

+++ Adding p to symbol table with type PROGRAM

+++ Adding proc to symbol table with type PROCEDURE


>>> Entering new scope...

<<< Exiting scope...

+++ Adding proc to symbol table with type PROCEDURE
Line 13: Multiply defined identifier
