

>>> Entering new scope...

+++ Adding p to symbol table with type PROGRAM

+++ Adding x to symbol table with type INTEGER

+++ Adding p to symbol table with type BOOLEAN
Line 8: Multiply defined identifier
