

>>> Entering new scope...

+++ Adding p to symbol table with type PROGRAM

+++ Adding bojack to symbol table with type INTEGER

+++ Adding todd to symbol table with type INTEGER
Line 11: Undefined identifier
