

>>> Entering new scope...

+++ Adding p to symbol table with type PROGRAM

+++ Adding bojack to symbol table with type INTEGER
Line 10: Undefined identifier
