TOKEN: UNKNOWN     LEXEME: &
TOKEN: UNKNOWN     LEXEME: #
TOKEN: UNKNOWN     LEXEME: $
TOKEN: UNKNOWN     LEXEME: %
TOKEN: UNKNOWN     LEXEME: ^
TOKEN: UNKNOWN     LEXEME: @
TOKEN: UNKNOWN     LEXEME: !
