TOKEN: T_CHARCONST LEXEME: 'a'
TOKEN: T_CHARCONST LEXEME: '\'
TOKEN: T_CHARCONST LEXEME: '/'
TOKEN: T_CHARCONST LEXEME: '	'
TOKEN: T_CHARCONST LEXEME: ' '
TOKEN: T_CHARCONST LEXEME: '"'
TOKEN: T_CHARCONST LEXEME: '+'
TOKEN: T_CHARCONST LEXEME: '4'
TOKEN: T_CHARCONST LEXEME: '''
