TOKEN: T_IDENT     LEXEME: Valid_idents
TOKEN: T_IDENT     LEXEME: _1
TOKEN: T_IDENT     LEXEME: _
TOKEN: T_IDENT     LEXEME: __
TOKEN: T_IDENT     LEXEME: _a
TOKEN: T_IDENT     LEXEME: __Underscores__
TOKEN: T_IDENT     LEXEME: AaAaAa_Aa
TOKEN: T_IDENT     LEXEME: testing1_
TOKEN: T_IDENT     LEXEME: and_array_begin_boolean_char_div_do_else_end_false
TOKEN: T_IDENT     LEXEME: ifintegernotoforprocedureprogramreadthen
TOKEN: T_IDENT     LEXEME: _a_314bc__d
TOKEN: T_IDENT     LEXEME: Array
TOKEN: T_IDENT     LEXEME: And
TOKEN: T_IDENT     LEXEME: Begin
TOKEN: T_IDENT     LEXEME: Boolean
TOKEN: T_IDENT     LEXEME: CHAR
TOKEN: T_IDENT     LEXEME: DIV
TOKEN: T_IDENT     LEXEME: Do
TOKEN: T_IDENT     LEXEME: ELSE
TOKEN: T_IDENT     LEXEME: END
TOKEN: T_IDENT     LEXEME: fALSE
