

>>> Entering new scope...

+++ Adding p to symbol table with type PROGRAM

+++ Adding x to symbol table with type INTEGER

+++ Adding y to symbol table with type BOOLEAN

+++ Adding x to symbol table with type CHAR
Line 9: Multiply defined identifier
